// Jest Snapshot v1, https://goo.gl/fbAQLP

exports[`BarChart renders correctly 1`] = `ShallowWrapper {}`;
