// Jest Snapshot v1, https://goo.gl/fbAQLP

exports[`PageHeader renders PageHeader 1`] = `ShallowWrapper {}`;
