// Jest Snapshot v1, https://goo.gl/fbAQLP

exports['select renders 1'] = 'ShallowWrapper {}';
